NYT19981002.0382, NYT19981002.0446
NYT19981002.0150, NYT19981002.0149, NYT19981002.0151
NYT19981002.0128, NYT19981002.0146, NYT19981002.0162
NYT19981002.0314, NYT19981002.0299
NYT19981002.0375, NYT19981002.0338, NYT19981002.0335
NYT19981002.0087, NYT19981002.0088
NYT19981002.0160, NYT19981002.0294
NYT19981002.0192, NYT19981002.0190
NYT19981002.0277, NYT19981002.0274
NYT19981002.0241, NYT19981002.0224
NYT19981002.0140, NYT19981002.0141
NYT19981002.0363, NYT19981002.0452
NYT19981002.0386, NYT19981002.0293
NYT19981002.0124, NYT19981002.0134
NYT19981002.0324, NYT19981002.0373
NYT19981002.0077, NYT19981002.0078
NYT19981002.0165, NYT19981002.0155
NYT19981002.0157, NYT19981002.0152
NYT19981002.0187, NYT19981002.0193
NYT19981002.0227, NYT19981002.0226, NYT19981002.0225
NYT19981002.0257, NYT19981002.0252
NYT19981002.0432, NYT19981002.0433, NYT19981002.0429
NYT19981002.0218, NYT19981002.0219
NYT19981002.0292, NYT19981002.0319
NYT19981002.0111, NYT19981002.0137
NYT19981002.0426, NYT19981002.0425, NYT19981002.0423, NYT19981002.0422, NYT19981002.0421
NYT19981002.0075, NYT19981002.0076
NYT19981002.0441, NYT19981002.0439
NYT19981002.0183, NYT19981002.0185
NYT19981002.0145, NYT19981002.0107
NYT19981002.0229, NYT19981002.0228
NYT19981002.0212, NYT19981002.0213
NYT19981002.0291, NYT19981002.0384
NYT19981002.0129, NYT19981002.0131
NYT19981002.0400, NYT19981002.0399
NYT19981002.0323, NYT19981002.0326, NYT19981002.0327, NYT19981002.0328
NYT19981002.0067, NYT19981002.0066
NYT19981002.0106, NYT19981002.0109
NYT19981002.0181, NYT19981002.0182
NYT19981002.0210, NYT19981002.0206
NYT19981002.0288, NYT19981002.0279
