XIE19981001.0119, XIE19981001.0116
XIE19981001.0031, XIE19981001.0027
XIE19981001.0042, XIE19981001.0054
