4-6	0.702943
3-6	0.703221
2-6	0.705521
1-6	0.708705
5-6	0.708705
2-4	0.984013
2-3	0.984788
1-4	0.991143
4-5	0.991143
1-2	0.991193
2-5	0.991193
1-3	0.991935
3-5	0.991935
3-4	0.995951
1-5	1
